START: float_exprs.89.wasm
OK: f32.arithmetic_nan_bitpattern(2139107856u, 2139107856u)
OK: f32.canonical_nan_bitpattern(0u, 0u)
OK: f32.canonical_nan_bitpattern(2143289344u, 2143289344u)
OK: f32.canonical_nan_bitpattern(4290772992u, 2143289344u)
OK: f32.canonical_nan_bitpattern(2143289344u, 4290772992u)
OK: f32.canonical_nan_bitpattern(4290772992u, 4290772992u)
OK: f32.nonarithmetic_nan_bitpattern(2143302160u)
OK: f32.nonarithmetic_nan_bitpattern(4290785808u)
FAIL: f32.nonarithmetic_nan_bitpattern(2139107856u): 4290785808 != 4286591504
FAIL: f32.nonarithmetic_nan_bitpattern(4286591504u): 2143302160 != 2139107856
OK: f64.arithmetic_nan_bitpattern(9218868437227418128ull, 9218868437227418128ull)
OK: f64.canonical_nan_bitpattern(0ull, 0ull)
OK: f64.canonical_nan_bitpattern(9221120237041090560ull, 9221120237041090560ull)
OK: f64.canonical_nan_bitpattern(18444492273895866368ull, 9221120237041090560ull)
OK: f64.canonical_nan_bitpattern(9221120237041090560ull, 18444492273895866368ull)
OK: f64.canonical_nan_bitpattern(18444492273895866368ull, 18444492273895866368ull)
OK: f64.nonarithmetic_nan_bitpattern(9221120237041103376ull)
OK: f64.nonarithmetic_nan_bitpattern(18444492273895879184ull)
FAIL: f64.nonarithmetic_nan_bitpattern(9218868437227418128ull): 18444492273895879184 != 18442240474082193936
FAIL: f64.nonarithmetic_nan_bitpattern(18442240474082193936ull): 9221120237041103376 != 9218868437227418128
OK: f32.no_fold_sub_zero(2141192192u)
OK: f32.no_fold_neg0_sub(2141192192u)
OK: f32.no_fold_mul_one(2141192192u)
OK: f32.no_fold_neg1_mul(2141192192u)
OK: f32.no_fold_div_one(2141192192u)
OK: f32.no_fold_div_neg1(2141192192u)
OK: f64.no_fold_sub_zero(9219994337134247936ull)
OK: f64.no_fold_neg0_sub(9219994337134247936ull)
OK: f64.no_fold_mul_one(9219994337134247936ull)
OK: f64.no_fold_neg1_mul(9219994337134247936ull)
OK: f64.no_fold_div_one(9219994337134247936ull)
OK: f64.no_fold_div_neg1(9219994337134247936ull)
OK: no_fold_promote_demote(2141192192u)