START: float_misc.0.wasm
OK: f32.add(1.1234568357467651, 1.2345000022229158e-10)
OK: f64.add(1.123456789, 1.2345e-10)
OK: f32.add(1.0, 5.960464477539063e-08)
OK: f32.add(1.0, 5.960465188081798e-08)
OK: f64.add(1.0, 1.1102230246251565e-16)
FAIL: f64.add(1.0, 1.1102230246251568e-16): 1.000000 != 1.000000
OK: f32.add(1.401298464324817e-45, 1.1754942106924411e-38)
OK: f64.add(5e-324, 2.225073858507201e-308)
OK: f32.add(2147483648.0, 1024.25)
FAIL: f64.add(9.223372036854776e+18, 1024.25): 9223372036854775808.000000 != 9223372036854777856.000000
OK: f64.add(-3.645561009778199e-304, 2.92e-320)
FAIL: f64.add(9007199254740992.0, 1.00001): 9007199254740992.000000 != 9007199254740994.000000
FAIL: f64.add(9007199254740994.0, 0.9999847412109375): 9007199254740996.000000 != 9007199254740994.000000
OK: f32.add(8388608.0, 0.5)
OK: f32.add(8388609.0, 0.5)
OK: f64.add(4503599627370496.0, 0.5)
OK: f64.add(4503599627370497.0, 0.5)
OK: f32.add(-6.207600156575025e+30, 2.3097990034335698e-30)
OK: f32.add(2.0986580749500023e+20, -5270152505458688.0)
OK: f32.add(1.9634920494274e-25, 4.622006701228597e-38)
OK: f32.add(640904986624.0, -6.444954909933568e+16)
OK: f32.add(6.019659849698655e-05, 1.2037279221606141e+32)
OK: f64.add(9.218993827002741e-125, -1.2830782438780485e+75)
OK: f64.add(-9.650340787014896e+22, 4.670208988478548e-56)
OK: f64.add(2.8559147675434106e-45, -0.00026124280570653086)
OK: f64.add(4.179099281652967e+149, 7.93355647415127e+19)
OK: f64.add(8.265442868747023e+96, 4.360332783900625e+118)
OK: f32.add(5.238404127822499e+21, -1570182.5)
OK: f32.add(4.25893790178232e-14, -5.70923525670006e-24)
OK: f32.add(-2.7251025871630197e-13, 8.371155873353713e+37)
OK: f32.add(-8.845359747390244e-14, -1.5165625673454357e-32)
OK: f32.add(0.0010521034710109234, -7.582134723423548e-33)
OK: f64.add(1.5111352281889246e+54, -2.760218100603169e-159)
OK: f64.add(6.238671976036028e+46, -8.592185488839212e-19)
OK: f64.add(4.195022848436354e-122, -2.9225342022551453e-295)
OK: f64.add(-2.1522054671482452e+44, -1.1122204120471372e+42)
OK: f64.add(-13.6911535055856, 2.0661178989244198e+87)
OK: f32.add(-6.456021030610507e-36, 2.0219949033260104e-13)
OK: f32.add(-2.6823168809642084e-05, 1.119601567012296e-08)
OK: f32.add(-128526172160.0, 2.73563047337179e-33)
OK: f32.add(4.158973127324512e-36, -1573528704.0)
OK: f32.add(-9.338768644095452e-37, 7.8647514498630135e+28)
OK: f64.add(2.1986596650683218e-234, -2.3544759484546134e+302)
OK: f64.add(-3.141756195935957e+155, -3.011409851461166e+148)
OK: f64.add(-1.3722858367681836e-291, 1.1571842749688977e-85)
OK: f64.add(-9.828583756551075e-154, 1.6862581574752944e-259)
OK: f64.add(-6.725842035221635e+290, 8.374007930974482e+240)
FAIL: f64.add(-2.1089660532788995e+242, 5.814832334211963e+248): 581483022524590957647858454223899257059911467963903618743769294809381664020032099248499886051944317641589948848908693103444781073095755739902183215506233242645812281236766203867914516535558856556245301635731862016472879178560848025157402888996126720.000000 != 581483022524591057009016361469271106594598729564067155184474390277964776919362532915760857980065042817808113882283281934659545689484440934883306038854354295080197883872359112953032981869952811773223582058032330833304827576414848082299601533223829504.000000
FAIL: f64.add(1.0231579266682148e+236, 4.502043007974949e+224): 102315792667271698819983963886212406180083935022861703744610000517399785308818262808496796834874133476824372804407372957249953735029542571312229587260087033960179421885466856863052697187321366407137576604191742488316356076667345181868032.000000 != 102315792667271676227872294220472430587213197385838796933778705704779587841602815906946153945286134229833004842567397190067029748757569946325854660232959452947754713989898005416683965325592401826080996662563520698257480245991102255988736.000000
FAIL: f64.add(-1.3052997857095656e+188, 1.5489943422018657e+203): 154899434220186427903699102672939984127567298110680413170961825829917272003860633573588693639114302827724012244246743408031231122505919300115897606625950520634571576048857983823441115585642489129394503680.000000 != 154899434220186445308028851292764273987993650421972393507069107509299331403246154124412543159520592904600886471279976206196779727831264570992609342829861341605722240272392332318904198319807490361061801984.000000
FAIL: f64.add(4.7629997434721684e+139, 4.555864510582597e+155): 455586451058259763190434145510171234803624583256256706583718656868662282002222587119096651355522559154039099917620673767999049594051631224552915948435144704.000000 != 455586451058259667922228874636384876722654435759726379783238228860509484786739200114343879756229952943525700763202608587733817617531157120305611282654953472.000000
FAIL: f64.add(3.958952516558414e-300, 2.3092460710062946e-290): 0.000000 != 0.000000
OK: f64.add(-4.3780558475415996e+226, -4.9680759347383435e+286)
OK: f64.add(2.117431116854608e+58, -2.6385928474612128e+82)
OK: f64.add(-9.508489561700635e+90, 7.858068235728165e-128)
OK: f64.add(-5.079144928553737e-96, -3.540217207424998e+140)
OK: f64.add(-4.165382103988111e-60, 1.0865942283516648e-298)
OK: f32.add(9.721564916252783e+34, 3.0559086703943176e+38)
OK: f32.add(2.7046562782855097e+38, -2.3023684683832103e+32)
OK: f32.add(3.572092819342499e+35, -2.364940520759259e+38)
OK: f32.add(-1.4842340927922734e+36, -3.2899139288350082e+38)
OK: f32.add(-2.1988559814787968e+38, -8.156092864302113e+37)
OK: f64.add(9.039020493954763e+307, 2.2943337422040356e+295)
OK: f64.add(1.6591605973624605e+308, 1.257734933144416e+298)
OK: f64.add(-1.363512925613943e+308, 6.050703060387358e+304)
OK: f64.add(-3.4377613258227424e+301, 1.6994715275879349e+308)
OK: f64.add(9.227342700864557e+307, -3.926941645101868e+298)
OK: f32.add(8.313455373330556e-39, 8.73008943274361e-43)
OK: f32.add(5.184804318001823e-44, -2.802596928649634e-45)
OK: f32.add(-1.1210387714598537e-44, 5.18628408918015e-39)
OK: f32.add(-2.802596928649634e-44, 2.3675282834709394e-37)
OK: f32.add(6.347882043391421e-43, -3.3269628139999807e-41)
OK: f64.add(2.8461489375936755e-308, -5.130160608603642e-308)
OK: f64.add(4.7404811354775e-308, -8.895417776504167e-308)
OK: f64.add(-9.330082001250494e-309, -2.9863980609419717e-308)
OK: f64.add(1.4418693884494008e-307, -1.6324914377759187e-307)
OK: f64.add(-4.3203619362281506e-308, 2.521511966399844e-308)
OK: f32.add(3.4028232635611926e+38, 2.028240960365167e+31)
OK: f64.add(1.7976931348623155e+308, 1.99584030953472e+292)
OK: f32.add(2.0, 2.0)
OK: f64.add(2.0, 2.0)
OK: f32.add(3.4028234663852886e+38, 1.0141204197362925e+31)
OK: f32.add(3.4028234663852886e+38, 1.0141204801825835e+31)
FAIL: f64.add(1.7976931348623157e+308, 9.979201547673598e+291): inf != 179769313486231570814527423731704356798070567525844996598917476803157260780028538760589558632766878171540458953514382464234321326889464182768467546703537516986049910576551282076245490090389328944075868508455133942304583236903222948165808559332123348274797826204144723168738177180919299881250404026184124858368.000000
OK: f64.add(1.7976931348623157e+308, 9.9792015476736e+291)
OK: f32.sub(65536.0, 7.275957614183426e-12)
OK: f64.sub(65536.0, 7.275957614183426e-12)
OK: f32.sub(1.0, 2.9802322387695312e-08)
OK: f32.sub(1.0, 2.980232594040899e-08)
OK: f64.sub(1.0, 5.551115123125783e-17)
FAIL: f64.sub(1.0, 5.551115123125784e-17): 1.000000 != 1.000000
OK: f32.sub(2.3792080598407964e-32, -7.221297616978506e+35)
OK: f32.sub(-8.422840238404834e+35, -11118414135296.0)
OK: f32.sub(1.454944372177124, -3.3792614555846486e-25)
OK: f32.sub(9.480891428414285e-36, 1.8589502498367712e-23)
OK: f32.sub(6.18116700934479e-06, -9.395986424247663e-33)
OK: f64.sub(-7.75701650124413e-101, -2.524845082116609e-272)
OK: f64.sub(-2.099187106483271e+166, -3.8165079778426864e-48)
OK: f64.sub(2.8592030964162332e-139, -2.0889465194336087e-252)
OK: f64.sub(3.03879528930943e-303, -2.3204941114021897e+46)
OK: f64.sub(-1.4953904039036317e-43, -1.0592252695645683e-162)
OK: f32.sub(-4.486016552717641e+32, -8.984148050887244e+33)
OK: f32.sub(-8.994274245666093e+32, 91.57938385009766)
OK: f32.sub(-1.1974999753297125e-25, 6.314040490451589e-08)
OK: f32.sub(-1.1800486661945162e-23, -0.00031558735645376146)
OK: f32.sub(-7.364838050540576e+29, 3.0824513295512927e-18)
OK: f64.sub(-9.410469964196796e+60, -1.730627569138597e+271)
OK: f64.sub(2.877908564233173e-111, 2.339448785991429e-136)
OK: f64.sub(-9.719219783531962e-61, 1.572015082308034e-153)
OK: f64.sub(-3.4908896031751274e-299, -1.9928479721303208e-99)
OK: f64.sub(-7.538298763725556e+33, 4.447012580193329e+51)
OK: f32.sub(7.584697644672857e+28, 4.6391753130592406e-05)
OK: f32.sub(-567139.875, -3.0334842276991125e-11)
OK: f32.sub(-1.741226086926506e-11, -1.7877793367743258e-17)
OK: f32.sub(-6.564554496435449e-05, 0.0001447380636818707)
OK: f32.sub(-1.601611482326959e-10, -8.538007497388273e-32)
OK: f64.sub(-9.358725267183177e-48, -3.1137147338685164e+217)
OK: f64.sub(-4.390767596767215e+228, -6.789045715895856e+271)
OK: f64.sub(3.6288281010831153e-240, 3.3831996832450044e+54)
OK: f64.sub(-3.645097751812619e-173, 3.1423490969686624e-164)
OK: f64.sub(-8.021529638989887e-169, -6.774972769072139e-05)
FAIL: f64.sub(5.816988065793039e-24, 2.5021499241540866e-35): 0.000000 != 0.000000
FAIL: f64.sub(4.3336683304809554e-296, 1.6945582607476316e-304): 0.000000 != 0.000000
FAIL: f64.sub(6.908052676315257e-77, 1.2001773734799856e-60): -0.000000 != -0.000000
FAIL: f64.sub(-2.2044291547443813e-12, -2.7947429925618632e-21): -0.000000 != -0.000000
FAIL: f64.sub(4.016393569117761e-08, 0.17053881989395447): -0.170539 != -0.170539
OK: f64.sub(-1.0015106898667285e-245, -4.785375958943186e-231)
OK: f64.sub(-15618959953.641388, 5.982344106207189e+110)
OK: f64.sub(3.883207154037668e+34, 4.2192279274320304e-178)
OK: f64.sub(1.0705986890807897e-147, -1.7466607734737216e-209)
OK: f64.sub(9.49378346261834e-18, 1.4584885434950294e-186)
OK: f32.sub(23.14069175720215, 3.1415927410125732)
OK: f64.sub(23.14069263277927, 3.141592653589793)
OK: f32.sub(2999999.0, 2999998.0)
OK: f32.sub(1999999.0, 1999995.0)
OK: f32.sub(1999999.0, 1999993.0)
OK: f32.sub(400002.0, 400001.0)
OK: f32.sub(400002.0, 400000.0)
OK: f64.sub(2999999999999999.0, 2999999999999998.0)
OK: f64.sub(1999999999999999.0, 1999999999999995.0)
OK: f64.sub(1999999999999999.0, 1999999999999993.0)
OK: f64.sub(400000000000002.0, 400000000000001.0)
OK: f64.sub(400000000000002.0, 400000000000000.0)
OK: f32.sub(1.1754943508222875e-38, 1.1754942106924411e-38)
OK: f64.sub(2.2250738585072014e-308, 2.225073858507201e-308)
OK: f32.sub(1.0000001192092896, 0.9999999403953552)
OK: f32.sub(1.0000001192092896, 1.0)
OK: f32.sub(1.0, 0.9999999403953552)
OK: f64.sub(1.0000000000000002, 0.9999999999999999)
OK: f64.sub(1.0000000000000002, 1.0)
OK: f64.sub(1.0, 0.9999999999999999)
OK: f32.sub(3.4028234663852886e+38, 1.0141204197362925e+31)
OK: f32.sub(3.4028234663852886e+38, 1.0141204801825835e+31)
FAIL: f64.sub(1.7976931348623157e+308, 9.979201547673598e+291): 179769313486231550856124328384506240234343437157459335924404872448581845754556114388470639943126220321960804027157371570809852884964511743044087662767600909594331927728237078876188760579532563768698654064825262115771015791463983014857704008123419459386245141723703148097529108423358883457665451722744025579520.000000 != 179769313486231570814527423731704356798070567525844996598917476803157260780028538760589558632766878171540458953514382464234321326889464182768467546703537516986049910576551282076245490090389328944075868508455133942304583236903222948165808559332123348274797826204144723168738177180919299881250404026184124858368.000000
OK: f64.sub(1.7976931348623157e+308, 9.9792015476736e+291)
OK: f32.mul(999999986991104.0, 999999986991104.0)
OK: f32.mul(1.0000000200408773e+20, 1.0000000200408773e+20)
OK: f32.mul(9.999999562023526e+24, 9.999999562023526e+24)
OK: f64.mul(1000000000000000.0, 1000000000000000.0)
OK: f64.mul(1e+20, 1e+20)
OK: f64.mul(1e+25, 1e+25)
OK: f32.mul(1848874880.0, 19954563072.0)
FAIL: f64.mul(1848874847.0, 19954562207.0): 36893488147419103232.000000 != 36893488147419111424.000000
OK: f32.mul(77.0999984741211, 850.0)
OK: f64.mul(77.1, 850.0)
OK: f32.mul(-2.493839431476183e+18, 2.1176053965898944e-11)
OK: f32.mul(-6.777248420629078e+30, -3.4758241830226954e-31)
OK: f32.mul(-8.384397588099775e+27, -1.1948990730232888e-29)
OK: f32.mul(-6.567654100365863e+23, -4.6889765988592106e-23)
OK: f32.mul(1.3328203716231168e+16, 45.567222595214844)
OK: f64.mul(-9.942622609334243e+127, 5.8317724151424514e+284)
OK: f64.mul(-2.748155824301909e-297, -2.093035437779455e-66)
OK: f64.mul(4.648882573713025e+182, -1.5927288648725436e+32)
OK: f64.mul(-8.261927764172427e-95, 3.6684744190529535e+175)
OK: f64.mul(2.5383895833176925e+239, 7.842892881810105e-259)
OK: f32.mul(-2.0153333457426413e-27, -5.031353283027048e+27)
OK: f32.mul(1.2286325312524885e+22, 749601.8125)
OK: f32.mul(-2.7635138621917577e-10, -3.5524713616272016e+22)
OK: f32.mul(2.189312192933622e+20, -40298.78515625)
OK: f32.mul(1691996288.0, -1.2210335231587333e+20)
OK: f64.mul(-7.576316076452304e-193, 4.601355879514986e-95)
OK: f64.mul(1.2228616081443885e-83, -8.055526185180067e-192)
OK: f64.mul(-2.0686512460392508e+99, -3.668010715832548e+251)
OK: f64.mul(1.543238835610281e+285, 7.370621385787007e-133)
OK: f64.mul(2.2358765662420587e+102, -7.60669005920257e+50)
OK: f32.mul(-110087033061376.0, -5.403802077401142e+28)
OK: f32.mul(-0.19366350769996643, 2.9748953998406853e-30)
OK: f32.mul(-3.4300712741242023e-06, 7.799152327916086e+31)
OK: f32.mul(-9.900384948584448e+16, 2.0933773655262767e-29)
OK: f32.mul(-129919.0703125, 1.8480998564440598e-36)
OK: f64.mul(-6.625572200844895e-150, -3.737402068174001e+130)
OK: f64.mul(8.21076848561758e+143, -1.2976552328552289e-230)
OK: f64.mul(-1.0223449294906041e+52, 1.9708555833346805e+108)
OK: f64.mul(2.918243080119086e+231, -6.36331709416897e+112)
OK: f64.mul(3.407037798802672e+24, 1.225791423971563e+21)
FAIL: f64.mul(4.4091927284399547e-103, 1.1518840702296592e-173): 0.000000 != 0.000000
FAIL: f64.mul(-0.002980041826472432, 6.3125412993218e+217): -188116371033135977846874396313566650631594822721384138446191789541652886937438089935759760020876590426964914142905941641473091371165552511933948401627406846741356311734971624184273356301604818021379832358231758340096.000000 != -188116371033135939574348531803078861976513561771074728116255987808325064801379100745756898172827796564372657823513678487155984143634918590232194466259636651095095543822647906900084815005691375636580720284833350156288.000000
FAIL: f64.mul(-3.083445780813001e+110, -1.0081049555008529e-196): 0.000000 != 0.000000
FAIL: f64.mul(3.493875013156773e+233, 2.1313169159308099e+18): 744655491768901126635444324056044106117592693859036852231326182282247782753747714037626558308691168263004139893908166978373275670035838378569532977030754482614389424524713637161892088398649489345887176450930371101402381362239529687729142063229262888960.000000 != 744655491768901024889618627036783332194072937980469390916044164522418675144833349962351323054295545682556738899732588015209356702853824738908863205922278524921578567425866498258730779896230079203701417298494691032966466202837033629215530651540095238144.000000
FAIL: f64.mul(-1.2500108005100234e-83, 1.0352657041604675e+270): -12940933115981991477467430639796933717192682796170919681899091572415552061392281770940534789313436518848990353068549058766479238388221826737188731898915353787067343735115934620898817998848.000000 != -12940933115981989545198669131167761369516737330177247532435426719198052732774656045180963644533224250752107062107260077534671222637133238054649401377421525915613007001575560272408410587136.000000
OK: f64.mul(8.947461661755698e-181, 2.0853844141312436e-128)
OK: f64.mul(-1.161813037330394e-17, -1.8737038135583668e-291)
OK: f64.mul(-2.1752326768352433e-147, -6.631210068072052e-162)
OK: f64.mul(-7.149518157441743e-233, 2.2770445062365393e-77)
OK: f64.mul(-4.817739302150786e-156, -2.5375023049719763e-153)
OK: f64.mul(4.6576441629501554e+256, 7.021344893525714e-266)
OK: f64.mul(0.012451716278313712, 1.945309177849331e-45)
OK: f64.mul(-3.8312314777598586, 9.039887741742674e-13)
OK: f64.mul(9.843582638849689e-113, 3.375405654777583e-62)
OK: f64.mul(-2.6054453709451446e+23, 3.2887528185809035e-105)
OK: f32.mul(2.6469779601696886e-23, 2.6469779601696886e-23)
OK: f32.mul(2.6469782757140506e-23, 2.6469782757140506e-23)
OK: f64.mul(1.5717277847026285e-162, 1.5717277847026285e-162)
OK: f64.mul(1.5717277847026288e-162, 1.5717277847026288e-162)
OK: f32.mul(1.8446742974197924e+19, 1.8446742974197924e+19)
OK: f32.mul(1.8446744073709552e+19, 1.8446744073709552e+19)
OK: f64.mul(1.3407807929942596e+154, 1.3407807929942596e+154)
OK: f64.mul(1.3407807929942597e+154, 1.3407807929942597e+154)
OK: f32.mul(1.0000001192092896, 1.0000001192092896)
OK: f32.mul(0.9999999403953552, 0.9999999403953552)
OK: f64.mul(1.0000000000000002, 1.0000000000000002)
OK: f64.mul(0.9999999999999999, 0.9999999999999999)
OK: f32.mul(1.0000001192092896, 0.9999999403953552)
OK: f32.mul(1.000000238418579, 0.9999998807907104)
OK: f64.mul(1.0000000000000002, 0.9999999999999999)
OK: f64.mul(1.0000000000000004, 0.9999999999999998)
OK: f32.mul(1.1754943508222875e-38, 1.1920928955078125e-07)
OK: f64.mul(2.2250738585072014e-308, 2.220446049250313e-16)
OK: f32.mul(-16.00146484375, 2.9846536251347144e-40)
OK: f32.div(1.1234568357467651, 100.0)
OK: f32.div(8391667.0, 12582905.0)
OK: f32.div(65536.0, 7.275957614183426e-12)
OK: f32.div(1.8622957468032837, 3.4028234663852886e+38)
OK: f32.div(4.0, 3.0)
OK: f64.div(1.123456789, 100.0)
OK: f64.div(8391667.0, 12582905.0)
OK: f64.div(65536.0, 7.275957614183426e-12)
OK: f64.div(1.8622957468032837, 1.7976931348623157e+308)
OK: f64.div(4.0, 3.0)
OK: f32.div(4195835.0, 3145727.0)
OK: f64.div(4195835.0, 3145727.0)
OK: f32.div(5.029632936401568e-15, 3.3632437638124346e+38)
OK: f32.div(8.921986793542511e-27, 3.540975262112143e+20)
OK: f32.div(-104167.46875, 1.5866622669037328e-24)
OK: f32.div(-2.4938657382648078e-23, -3.6230087506368875e-37)
OK: f32.div(-4142204190720.0, 1.1954948388200605e-24)
OK: f64.div(1.9390116382448384e+44, 2.5290742357348314e+67)
OK: f64.div(6.600332149752304e-189, 3.007915153468629e-293)
OK: f64.div(-9.348275173661903e+89, 4.809309529035847e+192)
OK: f64.div(-1.7598339088417535e+208, 1.9938607258068285e+74)
OK: f64.div(-4.566268877844991e+162, 3.128249582233453e+136)
OK: f32.div(-1.0394063760428808e+21, -1.2965965897989387e-26)
OK: f32.div(2.6831562620062248e-14, 31241038462976.0)
OK: f32.div(1.273424744606018, -6.927837068229471e+26)
OK: f32.div(6.898882714456895e-16, 3.762675552004818e-39)
OK: f32.div(1.8199162204928903e+27, 2.050670305246714e+26)
OK: f64.div(2.1137715924428077e-308, -1.6733261612910253e+109)
OK: f64.div(-8.116644948016275e-298, 6.517571349002277e-162)
OK: f64.div(-9.335476912259029e-122, -39099281466396.5)
OK: f64.div(-1.6868569854885902e+24, 1.3535993861076857e-238)
OK: f64.div(-1.733887733249412e+71, -7.002616047521747e+16)
OK: f32.div(93506192.0, 2.87608846381627e-36)
OK: f32.div(-2.0057539346671753e+23, 246697216.0)
OK: f32.div(384712212480.0, -1.0703784816622988e+29)
OK: f32.div(-4.156665003774592e+33, -901.419189453125)
OK: f32.div(-6.702386865118696e+27, -14000.2548828125)
OK: f64.div(-1.0085269598907525e-197, 1.8780374032850215e-208)
OK: f64.div(-3.25716645629511e+235, -5.885738519211168e-167)
OK: f64.div(-3.1640946861233317e-225, 4.5854510556516254e-20)
OK: f64.div(-5.268422429466566e+95, -1.4816907071451201e-177)
OK: f64.div(4.03995627001749e+54, -4.7097881971884274e+64)
FAIL: f64.div(-2.039595604683476e+176, -7.474088739461226e+58): 2728888665604071742946950278683054462319277910554513367834214911212009050368238749223058199502143705963839375215165440.000000 != 2728888665604071183010764734232001822958707768443443837422840602549625325370963508275090404461907360744466057313386496.000000
FAIL: f64.div(-3.0426171229468766e+164, -2.6556792326588243e+99): 114570204320220400539576114634455724307015938955701983143736115200.000000 != 114570204320220423923602311928902415565973262416230297638656802816.000000
FAIL: f64.div(4.923524051248073e+55, -3.663408283100367e+290): -0.000000 != -0.000000
FAIL: f64.div(2.892608435563416e+65, 5.171948758373355e+128): 0.000000 != 0.000000
FAIL: f64.div(-4.215425823442686e+248, 1.4285058546706491e+105): -295093352936560298538122465139380122433565906544515639374324431969873592271003133380022231317406236700193558502861791798389128780250555541880832.000000 != -295093352936560341861086435777112303346287533780198505568653734717007579309746580483480165780306596699793653880042699570126800052181365369602048.000000
OK: f64.div(1.8622957433108482, 1.7976931348623157e+308)
OK: f64.div(8.566632480779937e-305, 5381.2699796556235)
OK: f64.div(-8.196220919495565e-44, -1.0406557086484777e+265)
OK: f64.div(-7.052801866447111e-119, -1.3767429405781133e+190)
OK: f64.div(2.2655621734165475e-258, 1.332199329634947e+50)
OK: f64.div(4.196304106554003e-303, -9789327.297653636)
OK: f32.div(1.0388607849935468e+27, 6211079503872.0)
OK: f32.div(1.8690329639854072e+27, -1.1235572810773782e+32)
OK: f32.div(3.290747245341552e+24, 0.9064788222312927)
OK: f32.div(-908946.5625, -17034289152.0)
OK: f32.div(-2.409247660314223e-13, -8.984081163773542e+16)
OK: f64.div(3.910973045785834e+18, -8.392730733897136e-260)
OK: f64.div(8.379351966732404e-40, -2.1077277802048832e-157)
OK: f64.div(4.561142017854715e+201, 1.5005780677368491e+192)
OK: f64.div(-6.236072401827852e+54, 8.31706325046099e+232)
OK: f64.div(-9.757271330468098e-263, -3.5613812243480865e-195)
OK: f64.div(1.046256872449641e-17, 1.8150892711657447)
OK: f64.div(2.2038268106596436e-31, -2.859803943943555e-13)
OK: f64.div(7.596539988437179e-13, 2.1055358831337124e-34)
OK: f64.div(1.1206961145008669e+27, 1.597132338028665e+29)
OK: f64.div(0.0006342142502301953, -6391950865520085.0)
OK: f32.div(1.1754943508222875e-38, 1.1754942106924411e-38)
OK: f32.div(1.1754942106924411e-38, 1.1754943508222875e-38)
OK: f64.div(2.2250738585072014e-308, 2.225073858507201e-308)
OK: f64.div(2.225073858507201e-308, 2.2250738585072014e-308)
OK: f32.div(2.3841856489070778e-07, 3.4028234663852886e+38)
OK: f32.div(2.384185791015625e-07, 3.4028234663852886e+38)
OK: f64.div(4.4408920985006257e-16, 1.7976931348623157e+308)
OK: f64.div(4.440892098500626e-16, 1.7976931348623157e+308)
OK: f32.div(1.0, 2.938735877055719e-39)
OK: f32.div(1.0, 2.938737278354183e-39)
OK: f64.div(1.0, 5.562684646268003e-309)
OK: f64.div(1.0, 5.56268464626801e-309)
OK: f32.div(1.0, 8.507060187143942e+37)
OK: f32.div(1.0, 8.507059173023462e+37)
OK: f64.div(1.0, 4.494232837155791e+307)
OK: f64.div(1.0, 4.49423283715579e+307)
OK: f32.div(1.0, 3.0)
OK: f32.div(3.0, 9.0)
OK: f32.div(9.0, 27.0)
OK: f64.div(1.0, 3.0)
OK: f64.div(3.0, 9.0)
OK: f64.div(9.0, 27.0)
OK: f32.div(1.0000001192092896, 0.9999999403953552)
OK: f32.div(0.9999999403953552, 1.0000001192092896)
OK: f32.div(1.0, 0.9999999403953552)
OK: f32.div(1.0, 1.0000001192092896)
OK: f64.div(1.0000000000000002, 0.9999999999999999)
OK: f64.div(0.9999999999999999, 1.0000000000000002)
FAIL: f64.div(1.0, 0.9999999999999999): 1.000000 != 1.000000
OK: f64.div(1.0, 1.0000000000000002)
OK: f32.sqrt(171.0)
OK: f32.sqrt(1.607949968729372e-07)
OK: f64.sqrt(171.0)
OK: f64.sqrt(1.60795e-07)
OK: f64.sqrt(4.316357580352844e-50)
OK: f64.sqrt(6.762533004796485e+101)
OK: f64.sqrt(1.7485296624861996e+121)
OK: f64.sqrt(9.593720960603523e-12)
OK: f64.sqrt(6.348452898717835e-112)
OK: f64.sqrt(0.9999999999999999)
OK: f32.sqrt(0.1296394169330597)
OK: f32.sqrt(2.3458758227068622e+30)
OK: f32.sqrt(0.07878657430410385)
OK: f32.sqrt(5.137102604477576e-22)
OK: f32.sqrt(0.0009016715339384973)
OK: f64.sqrt(9.591922760825561e-279)
OK: f64.sqrt(9.357875352164005e+218)
OK: f64.sqrt(1.4770669978336558e+116)
OK: f64.sqrt(4.880045718002789e+31)
OK: f64.sqrt(7.61897768717454e+300)
OK: f32.sqrt(154481008.0)
OK: f32.sqrt(1.047130482506864e-34)
OK: f32.sqrt(3.790637128986418e-05)
OK: f32.sqrt(8.960753473528173e-37)
OK: f32.sqrt(1.6877119874218322e-37)
OK: f64.sqrt(3.169962643789095e+209)
OK: f64.sqrt(4.0573669271847993e-230)
OK: f64.sqrt(1.5299861660588838e-09)
OK: f64.sqrt(2.822766928951239e-73)
OK: f64.sqrt(1.4375957727045067e+280)
OK: f32.sqrt(4.6402342298538086e+35)
OK: f32.sqrt(47536.1328125)
OK: f32.sqrt(0.8126130104064941)
OK: f32.sqrt(9.549604991959535e-27)
OK: f32.sqrt(6.885648533602653e-29)
OK: f64.sqrt(2.3497689174953322e+222)
OK: f64.sqrt(2.9262574743429683e-115)
OK: f64.sqrt(3.773350874844908e+290)
OK: f64.sqrt(3.5498432023945234e-14)
OK: f64.sqrt(1.3747419336166767e-148)
OK: f64.sqrt(1.87632963480297e+31)
OK: f64.sqrt(2.74405777036165e-229)
OK: f64.sqrt(1.5613859952920445e-83)
OK: f64.sqrt(6.193037689450712e+170)
OK: f32.sqrt(1.0000001192092896)
OK: f32.sqrt(1.000000238418579)
OK: f64.sqrt(1.0000000000000002)
OK: f64.sqrt(1.0000000000000004)
OK: f32.sqrt(0.9999998807907104)
OK: f32.sqrt(0.9999998211860657)
OK: f64.sqrt(0.9999999999999998)
OK: f64.sqrt(0.9999999999999997)
OK: f32.sqrt(0.2499999850988388)
OK: f32.sqrt(0.25)
OK: f32.sqrt(0.2500000298023224)
OK: f32.sqrt(0.2500000596046448)
OK: f64.sqrt(0.24999999999999997)
OK: f64.sqrt(0.25)
OK: f64.sqrt(0.25000000000000006)
OK: f64.sqrt(0.2500000000000001)
OK: f32.sqrt(272331603968.0)
OK: f64.sqrt(272331606109.83676)
OK: f32.sqrt(10616005632.0)
OK: f32.sqrt(3014768273129472.0)
OK: f32.sqrt(24597323841536.0)
OK: f32.sqrt(1234567936.0)
OK: f64.sqrt(10616005156.0)
OK: f64.sqrt(3014768326492836.0)
OK: f64.sqrt(24597324665761.0)
OK: f64.sqrt(1234567891.0)
OK: f32.sqrt(0.5158079862594604)
OK: f32.sqrt(0.5028960704803467)
OK: f64.sqrt(0.5158079862594604)
OK: f64.sqrt(0.5028960704803467)
OK: f32.sqrt(9.0)
OK: f32.sqrt(137.0)
OK: f32.sqrt(1.7737711668014526)
OK: f32.sqrt(1000.0)
OK: f64.sqrt(9.0)
OK: f64.sqrt(137.0)
OK: f64.sqrt(1.7737712281864233)
OK: f64.sqrt(1000.0)
OK: f32.ceil(0.9999999403953552)
OK: f32.ceil(1.0000001192092896)
OK: f64.ceil(0.9999999999999999)
OK: f64.ceil(1.0000000000000002)
OK: f32.ceil(8388607.5)
OK: f32.ceil(-8388607.5)
OK: f64.ceil(4503599627370495.5)
OK: f64.ceil(-4503599627370495.5)
OK: f32.ceil(16777215.0)
OK: f32.ceil(-16777215.0)
OK: f64.ceil(9007199254740991.0)
OK: f64.ceil(-9007199254740991.0)
OK: f32.floor(-0.9999999403953552)
OK: f32.floor(-1.0000001192092896)
OK: f64.floor(-0.9999999999999999)
OK: f64.floor(-1.0000000000000002)
OK: f32.floor(-8388607.5)
OK: f32.floor(8388607.5)
OK: f64.floor(-4503599627370495.5)
OK: f64.floor(4503599627370495.5)
OK: f32.floor(88607.0)
OK: f64.floor(88607.0)
OK: f32.trunc(-8388607.5)
OK: f32.trunc(8388607.5)
OK: f64.trunc(-4503599627370495.5)
OK: f64.trunc(4503599627370495.5)
OK: f32.nearest(8388609.0)
OK: f32.nearest(8388610.0)
OK: f32.nearest(0.4999999701976776)
OK: f32.nearest(281474959933440.0)
OK: f64.nearest(4503599627370497.0)
OK: f64.nearest(4503599627370498.0)
OK: f64.nearest(0.49999999999999994)
OK: f64.nearest(8.112963841460667e+31)
OK: f32.nearest(4.5)
OK: f32.nearest(-4.5)
OK: f32.nearest(-3.5)
OK: f64.nearest(4.5)
OK: f64.nearest(-4.5)
OK: f64.nearest(-3.5)
OK: f32.nearest(-8388607.5)
OK: f32.nearest(8388607.5)
OK: f64.nearest(-4503599627370495.5)
OK: f64.nearest(4503599627370495.5)